[13:25:36.349] [INFO] storybook v10.6.0
[13:25:37.699] [ERROR] [38;2;241;97;97mSB_CORE-SERVER_0007 (MainFileEvaluationError): Storybook couldn't evaluate your .storybook/main.ts file.

Original error:
Error [ERR_PACKAGE_PATH_NOT_EXPORTED]: Package subpath './dist/commonjs/babel/import-plugin.js' is not defined by "exports" in /node_modules/react-native-css/package.json
    at exportsNotFound (node:internal/modules/esm/resolve:315:10)
    at packageExportsResolve (node:internal/modules/esm/resolve:663:9)
    at resolveExports (node:internal/modules/cjs/loader:754:36)
    at Module._findPath (node:internal/modules/cjs/loader:821:31)
    at Module._resolveFilename (node:internal/modules/cjs/loader:1557:27)
    at wrapResolveFilename (node:internal/modules/cjs/loader:1118:27)
    at defaultResolveImplForCJSLoading (node:internal/modules/cjs/loader:1142:10)
    at defaultResolve (node:internal/modules/cjs/loader:1199:20)
    at nextStep (node:internal/modules/customization_hooks:189:26)
    at Ie (file:///node_modules/@tailwindcss/node/dist/index.mjs:1:539)[39m
    at loadMainConfig (file://./node_modules/storybook/dist/_node-chunks/chunk-IQHYYTFR.js:14306:11)
    at async buildDevStandalone (file://./node_modules/storybook/dist/core-server/index.js:9240:16)
    at async withTelemetry (file://./node_modules/storybook/dist/_node-chunks/chunk-FTP3QZ7O.js:142:12)
    at async dev (file://./node_modules/storybook/dist/bin/core.js:4906:3)
    at async _Command.<anonymous> (file://./node_modules/storybook/dist/bin/core.js:5014:3)
[13:25:37.701] [WARN] Broken build, fix the error above.
You may need to refresh the browser.
[13:25:37.703] [WARN]   Failed to load preset: "/Users/eash/Projects/tdc-design-system/.storybook/main.ts"
[13:25:37.703] [ERROR] [38;2;241;97;97mError [ERR_PACKAGE_PATH_NOT_EXPORTED]: Package subpath './dist/commonjs/babel/import-plugin.js' is not defined by "exports" in ./node_modules/react-native-css/package.json[39m
    at exportsNotFound (node:internal/modules/esm/resolve:315:10)
    at packageExportsResolve (node:internal/modules/esm/resolve:663:9)
    at resolveExports (node:internal/modules/cjs/loader:754:36)
    at Module._findPath (node:internal/modules/cjs/loader:821:31)
    at Module._resolveFilename (node:internal/modules/cjs/loader:1557:27)
    at wrapResolveFilename (node:internal/modules/cjs/loader:1118:27)
    at defaultResolveImplForCJSLoading (node:internal/modules/cjs/loader:1142:10)
    at defaultResolve (node:internal/modules/cjs/loader:1199:20)
    at nextStep (node:internal/modules/customization_hooks:189:26)
    at Ie (file://./node_modules/@tailwindcss/node/dist/index.mjs:1:539)
[13:25:37.704] [INFO] Storybook collects completely anonymous usage telemetry. We use it to shape Storybook's roadmap and prioritize features. You can learn more, including how to opt out, at https://storybook.js.org/telemetry